   Compiling rc3d-io v0.1.0 (D:\source\repos\rustcoin3d\crates\rc3d-io)
error: linking with `link.exe` failed: exit code: 1104
  |
  = note: "C:\\Program Files\\Microsoft Visual Studio\\2022\\Professional\\VC\\Tools\\MSVC\\14.44.35207\\bin\\HostX64\\x64\\link.exe" "/NOLOGO" "D:\\source\\repos\\rustcoin3d\\target\\debug\\deps\\rustcLt1Owe\\symbols.o" "<26 object files omitted>" "<sysroot>\\lib\\rustlib\\x86_64-pc-windows-msvc\\lib/{libtest-*,libgetopts-*,librustc_std_workspace_std-*}.rlib" "D:\\source\\repos\\rustcoin3d\\target\\debug\\deps/{librc3d_io-c7507f259b786bd1,libearcutr-f7b3f252f99d07ce,libitertools-fc7a1b98627a41a0,libbase64-00384957a60007b4,libthiserror-968ddc522ee3c98c,libgltf-b4544f8eb367ca60,libbase64-27ab2bdc8023f31d,liburlencoding-94e02348a3e5d1f1,libbyteorder-436e3834e4390f18,libgltf_json-de2478183c145e76,libserde_json-27f2be6fafbd34f7,libmemchr-b4ea8a01427b0c7c,libitoa-35525c49b7e45c6c,libzmij-edb27c4d6462c5c0,liblazy_static-9fac0106aed43c0e,libimage-74ee12953a7fa3d0,libbyteorder_lite-e54806ef00f8d4f1,libmoxcms-3a21dde73810f197,libpxfm-895c0f51e8b625f2,libpng-eaeefd7c183d54a6,libbitflags-7c817243a79a7093,libflate2-40fbdc07f527768a,libminiz_oxide-7e6747505fd14a2c,libfdeflate-2cd7bba75b182550,libsimd_adler32-bac24f7bba863983,libzune_jpeg-aee738e834f026ff,libzune_core-c4cdf46f2460d8b6,libnum_traits-13669d1f546288c1,libfbxcel-f3026f95a581d8f2,liblibflate-151277aa8efeb27b,libcrc32fast-044985a01d82f6c4,libcfg_if-709781a0f9096a35,libadler32-c1d1fbf6695e6f6d,liblibflate_lz77-70242a7b4c923961,librle_decode_fast-c426dfe03b24a05c,liblog-00d68ec6473f9dc1,librc3d_scene-ba2ab73a935cf9c7,librayon-1d5f633eb622441b,librayon_core-fd8addfe50f8cfa2,libcrossbeam_deque-8c1383e1c4600c98,libcrossbeam_epoch-05b3f58eb30d65eb,libcrossbeam_utils-3bfa44903d5927af,libeither-2b2d8561d98b1461,libbytemuck-5ddf38599fb0f89e,librc3d_fields-314662f35189f251,librc3d_core-a4a85c97c22dccb7,libslotmap-fdabfcfa7e4c8cc0,libglam-7e6706381fd3586f,libserde-0b0abc98751be814,libserde_core-88fdad689799396f}.rlib" "<sysroot>\\lib\\rustlib\\x86_64-pc-windows-msvc\\lib/{libstd-*,libpanic_unwind-*,libcfg_if-*,libwindows_targets-*,librustc_demangle-*,libstd_detect-*,libhashbrown-*,librustc_std_workspace_alloc-*,libunwind-*,librustc_std_workspace_core-*,liballoc-*,libcore-*,libcompiler_builtins-*}.rlib" "kernel32.lib" "kernel32.lib" "kernel32.lib" "kernel32.lib" "ntdll.lib" "userenv.lib" "ws2_32.lib" "dbghelp.lib" "/defaultlib:msvcrt" "/NXCOMPAT" "/LIBPATH:D:\\source\\repos\\rustcoin3d\\target\\debug\\build\\meshopt-433b401121d2012b\\out" "/LIBPATH:C:\\Program Files\\Microsoft Visual Studio\\2022\\Professional\\VC\\Tools\\MSVC\\14.44.35207\\atlmfc\\lib\\x64" "/OUT:D:\\source\\repos\\rustcoin3d\\target\\debug\\deps\\step_files-183d0bfb0e595db6.exe" "/OPT:REF,NOICF" "/DEBUG" "/PDBALTPATH:%_PDB%" "/NATVIS:<sysroot>\\lib\\rustlib\\etc\\intrinsic.natvis" "/NATVIS:<sysroot>\\lib\\rustlib\\etc\\liballoc.natvis" "/NATVIS:<sysroot>\\lib\\rustlib\\etc\\libcore.natvis" "/NATVIS:<sysroot>\\lib\\rustlib\\etc\\libstd.natvis"
  = note: some arguments are omitted. use `--verbose` to show all linker arguments
  = note: LINK : fatal error LNK1104: 无法打开文件“D:\source\repos\rustcoin3d\target\debug\deps\step_files-183d0bfb0e595db6.exe”
          

error: could not compile `rc3d-io` (test "step_files") due to 1 previous error
